Component: ARM Compiler 6.16 Tool: armlink [5dfeaa00]

==============================================================================

Section Cross References

    ck.o(RESET) refers to ck.o(.text) for Start


==============================================================================

Image Symbol Table

    Local Symbols

    Symbol Name                              Value     Ov Type        Size  Object(Section)

    Ck.s                                     0x00000000   Number         0  ck.o ABSOLUTE
    RESET                                    0x08000000   Section       84  ck.o(RESET)
    Start                                    0x08000055   Thumb Code     0  ck.o(.text)
    .text                                    0x08000054   Section      536  ck.o(.text)
    NMI_Handler                              0x080001f1   Thumb Code     0  ck.o(.text)
    HardFault_Handler                        0x080001f3   Thumb Code     0  ck.o(.text)
    SysTick_Handler                          0x080001f5   Thumb Code     0  ck.o(.text)

    Global Symbols

    Symbol Name                              Value     Ov Type        Size  Object(Section)

    BuildAttributes$$THM_ISAv4$P$D$K$B$S$A:L22UL41UL21$X:L11$S22US41US21$IEEE1$~IW$USESV6$~STKCKD$USESV7$~SHL$OSPACE$EBA8$STANDARDLIB$PRES8$EABIv2 0x00000000   Number         0  anon$$obj.o ABSOLUTE



==============================================================================

Memory Map of the image

  Image Entry point : 0x08000055

  Load Region LR_IROM1 (Base: 0x08000000, Size: 0x0000026c, Max: 0x00010000, ABSOLUTE)

    Execution Region ER_IROM1 (Exec base: 0x08000000, Load base: 0x08000000, Size: 0x0000026c, Max: 0x00010000, ABSOLUTE)

    Exec Addr    Load Addr    Size         Type   Attr      Idx    E Section Name        Object

    0x08000000   0x08000000   0x00000054   Data   RO            1    RESET               ck.o
    0x08000054   0x08000054   0x00000218   Code   RO            2  * .text               ck.o


    Execution Region RW_IRAM1 (Exec base: 0x20000000, Load base: 0x0800026c, Size: 0x00000000, Max: 0x00005000, ABSOLUTE)

    **** No section assigned to this execution region ****


==============================================================================

Image component sizes


      Code (inc. data)   RO Data    RW Data    ZI Data      Debug   Object Name

       536         88         84          0          0        364   ck.o

    ----------------------------------------------------------------------
       536         88         84          0          0        364   Object Totals
         0          0          0          0          0          0   (incl. Generated)
         0          0          0          0          0          0   (incl. Padding)

    ----------------------------------------------------------------------
         0          0          0          0          0          0   Library Totals
         0          0          0          0          0          0   (incl. Padding)

    ----------------------------------------------------------------------

==============================================================================


      Code (inc. data)   RO Data    RW Data    ZI Data      Debug   

       536         88         84          0          0        364   Grand Totals
       536         88         84          0          0        364   ELF Image Totals
       536         88         84          0          0          0   ROM Totals

==============================================================================

    Total RO  Size (Code + RO Data)                  620 (   0.61kB)
    Total RW  Size (RW Data + ZI Data)                 0 (   0.00kB)
    Total ROM Size (Code + RO Data + RW Data)        620 (   0.61kB)

==============================================================================

